node.exe : FAIL src/reco
mmendations/recommendati
ons.service.spec.ts
No linha:1 caractere:1
+ & "C:\Program 
Files\nodejs/node.exe" 
"C:\Program 
Files\nodejs/node_mo ...
+ ~~~~~~~~~~~~~~~~~~~~~~
~~~~~~~~~~~~~~~~~~~~~~~~
~~~~~~~~~~~~~~~~~~~~~~~
    + CategoryInfo      
        : NotSpecified  
  : (FAIL src/recomm.   
 ..service.spec.ts:S    
tring) [], RemoteEx    
ception
    + FullyQualifiedErr 
   orId : NativeComman  
  dError
 
  RecommendationsService
    ÔêÜ should be 
defined (14 ms)
    findAll
      ÔêÜ should return 
active recommendations 
for a user (4 ms)
    generateRecommendati
onsForUser
      ÔêÜ should 
generate 
recommendations if 
below limit (3 ms)
      ├ù should stop if 
user has max active 
recommendations (2 ms)

  ÔùÅ 
RecommendationsService 
ÔÇ║ generateRecommendati
onsForUser ÔÇ║ should 
stop if user has max 
active recommendations

    expect(jest.fn()).no
t.toHaveBeenCalled()

    Expected number of 
calls: 0
    Received number of 
calls: 5

    1: "user-1"
    2: "user-1"
    3: "user-1"

    [0m [90m 105 
|[39m       
[36mawait[39m service
[33m.[39mgenerateRecomm
endationsForUser(userId)
[33m;[39m
     [90m 106 |[39m
    [31m[1m>[22m[39m
[90m 107 |[39m       e
xpect(mockAnalyzer[33m.
[39manalyze)[33m.[39m
not[33m.[39mtoHaveBeen
Called()[33m;[39m
     [90m     |[39m   
                        
             
[31m[1m^[22m[39m
     [90m 108 |[39m   
  })[33m;[39m
     [90m 109 |[39m   
})[33m;[39m
     [90m 110 |[39m 
})[33m;[39m[0m

      at 
Object.<anonymous> (src/
recommendations/recommen
dations.service.spec.ts:
107:40)

Test Suites: 1 failed, 
1 total
Tests:       1 failed, 
3 passed, 4 total
Snapshots:   0 total
Time:        4.039 s
Ran all test suites 
matching src/recommendat
ions/recommendations.ser
vice.spec.ts.
